Archive member included to satisfy reference by file (symbol)

c:/program files (x86)/atmel/studio/7.0/toolchain/avr8/avr8-gnu-toolchain/bin/../lib/gcc/avr/4.9.2/avr35\libgcc.a(_exit.o)
                              C:/Program Files (x86)/Atmel/Studio/7.0/Packs/Atmel/ATtiny_DFP/1.0.71/gcc/dev/attiny1634/avr35/crtattiny1634.o (exit)
c:/program files (x86)/atmel/studio/7.0/toolchain/avr8/avr8-gnu-toolchain/bin/../lib/gcc/avr/4.9.2/avr35\libgcc.a(_clear_bss.o)
                              fake_delay.o (__do_clear_bss)

Allocating common symbols
Common symbol       size              file

watchDog            0x2               fake_delay.o
pulses_out          0x2               Pulse_Write.o
pulses_in           0x12c             flash_io.o

Discarded input sections

 .data          0x00000000        0x0 C:/Program Files (x86)/Atmel/Studio/7.0/Packs/Atmel/ATtiny_DFP/1.0.71/gcc/dev/attiny1634/avr35/crtattiny1634.o
 .bss           0x00000000        0x0 C:/Program Files (x86)/Atmel/Studio/7.0/Packs/Atmel/ATtiny_DFP/1.0.71/gcc/dev/attiny1634/avr35/crtattiny1634.o
 .text          0x00000000        0x0 fake_delay.o
 .data          0x00000000        0x0 fake_delay.o
 .bss           0x00000000        0x0 fake_delay.o
 .text          0x00000000        0x0 flash_io.o
 .data          0x00000000        0x0 flash_io.o
 .bss           0x00000000        0x0 flash_io.o
 .text          0x00000000        0x0 keyPad.o
 .data          0x00000000        0x0 keyPad.o
 .bss           0x00000000        0x0 keyPad.o
 .text          0x00000000        0x0 Remoteli_v1.o
 .data          0x00000000        0x0 Remoteli_v1.o
 .bss           0x00000000        0x0 Remoteli_v1.o
 .text          0x00000000        0x0 Pulse_Read.o
 .data          0x00000000        0x0 Pulse_Read.o
 .bss           0x00000000        0x0 Pulse_Read.o
 .text          0x00000000        0x0 Pulse_Write.o
 .data          0x00000000        0x0 Pulse_Write.o
 .bss           0x00000000        0x0 Pulse_Write.o
 .text.stopPulseWrite
                0x00000000       0x16 Pulse_Write.o
 .text.setPulseLength
                0x00000000       0x26 Pulse_Write.o
 .text.togglePulse
                0x00000000       0x12 Pulse_Write.o
 .text          0x00000000        0x0 c:/program files (x86)/atmel/studio/7.0/toolchain/avr8/avr8-gnu-toolchain/bin/../lib/gcc/avr/4.9.2/avr35\libgcc.a(_exit.o)
 .data          0x00000000        0x0 c:/program files (x86)/atmel/studio/7.0/toolchain/avr8/avr8-gnu-toolchain/bin/../lib/gcc/avr/4.9.2/avr35\libgcc.a(_exit.o)
 .bss           0x00000000        0x0 c:/program files (x86)/atmel/studio/7.0/toolchain/avr8/avr8-gnu-toolchain/bin/../lib/gcc/avr/4.9.2/avr35\libgcc.a(_exit.o)
 .text.libgcc.mul
                0x00000000        0x0 c:/program files (x86)/atmel/studio/7.0/toolchain/avr8/avr8-gnu-toolchain/bin/../lib/gcc/avr/4.9.2/avr35\libgcc.a(_exit.o)
 .text.libgcc.div
                0x00000000        0x0 c:/program files (x86)/atmel/studio/7.0/toolchain/avr8/avr8-gnu-toolchain/bin/../lib/gcc/avr/4.9.2/avr35\libgcc.a(_exit.o)
 .text.libgcc   0x00000000        0x0 c:/program files (x86)/atmel/studio/7.0/toolchain/avr8/avr8-gnu-toolchain/bin/../lib/gcc/avr/4.9.2/avr35\libgcc.a(_exit.o)
 .text.libgcc.prologue
                0x00000000        0x0 c:/program files (x86)/atmel/studio/7.0/toolchain/avr8/avr8-gnu-toolchain/bin/../lib/gcc/avr/4.9.2/avr35\libgcc.a(_exit.o)
 .text.libgcc.builtins
                0x00000000        0x0 c:/program files (x86)/atmel/studio/7.0/toolchain/avr8/avr8-gnu-toolchain/bin/../lib/gcc/avr/4.9.2/avr35\libgcc.a(_exit.o)
 .text.libgcc.fmul
                0x00000000        0x0 c:/program files (x86)/atmel/studio/7.0/toolchain/avr8/avr8-gnu-toolchain/bin/../lib/gcc/avr/4.9.2/avr35\libgcc.a(_exit.o)
 .text.libgcc.fixed
                0x00000000        0x0 c:/program files (x86)/atmel/studio/7.0/toolchain/avr8/avr8-gnu-toolchain/bin/../lib/gcc/avr/4.9.2/avr35\libgcc.a(_exit.o)
 .text          0x00000000        0x0 c:/program files (x86)/atmel/studio/7.0/toolchain/avr8/avr8-gnu-toolchain/bin/../lib/gcc/avr/4.9.2/avr35\libgcc.a(_clear_bss.o)
 .data          0x00000000        0x0 c:/program files (x86)/atmel/studio/7.0/toolchain/avr8/avr8-gnu-toolchain/bin/../lib/gcc/avr/4.9.2/avr35\libgcc.a(_clear_bss.o)
 .bss           0x00000000        0x0 c:/program files (x86)/atmel/studio/7.0/toolchain/avr8/avr8-gnu-toolchain/bin/../lib/gcc/avr/4.9.2/avr35\libgcc.a(_clear_bss.o)
 .text.libgcc.mul
                0x00000000        0x0 c:/program files (x86)/atmel/studio/7.0/toolchain/avr8/avr8-gnu-toolchain/bin/../lib/gcc/avr/4.9.2/avr35\libgcc.a(_clear_bss.o)
 .text.libgcc.div
                0x00000000        0x0 c:/program files (x86)/atmel/studio/7.0/toolchain/avr8/avr8-gnu-toolchain/bin/../lib/gcc/avr/4.9.2/avr35\libgcc.a(_clear_bss.o)
 .text.libgcc   0x00000000        0x0 c:/program files (x86)/atmel/studio/7.0/toolchain/avr8/avr8-gnu-toolchain/bin/../lib/gcc/avr/4.9.2/avr35\libgcc.a(_clear_bss.o)
 .text.libgcc.prologue
                0x00000000        0x0 c:/program files (x86)/atmel/studio/7.0/toolchain/avr8/avr8-gnu-toolchain/bin/../lib/gcc/avr/4.9.2/avr35\libgcc.a(_clear_bss.o)
 .text.libgcc.builtins
                0x00000000        0x0 c:/program files (x86)/atmel/studio/7.0/toolchain/avr8/avr8-gnu-toolchain/bin/../lib/gcc/avr/4.9.2/avr35\libgcc.a(_clear_bss.o)
 .text.libgcc.fmul
                0x00000000        0x0 c:/program files (x86)/atmel/studio/7.0/toolchain/avr8/avr8-gnu-toolchain/bin/../lib/gcc/avr/4.9.2/avr35\libgcc.a(_clear_bss.o)
 .text.libgcc.fixed
                0x00000000        0x0 c:/program files (x86)/atmel/studio/7.0/toolchain/avr8/avr8-gnu-toolchain/bin/../lib/gcc/avr/4.9.2/avr35\libgcc.a(_clear_bss.o)

Memory Configuration

Name             Origin             Length             Attributes
text             0x00000000         0x00010000         xr
data             0x00800060         0x0000ffa0         rw !x
eeprom           0x00810000         0x00010000         rw !x
fuse             0x00820000         0x00000400         rw !x
lock             0x00830000         0x00000400         rw !x
signature        0x00840000         0x00000400         rw !x
user_signatures  0x00850000         0x00000400         rw !x
*default*        0x00000000         0xffffffff

Linker script and memory map

Address of section .data set to 0x800100
LOAD C:/Program Files (x86)/Atmel/Studio/7.0/Packs/Atmel/ATtiny_DFP/1.0.71/gcc/dev/attiny1634/avr35/crtattiny1634.o
LOAD fake_delay.o
LOAD flash_io.o
LOAD keyPad.o
LOAD Remoteli_v1.o
LOAD Pulse_Read.o
LOAD Pulse_Write.o
START GROUP
LOAD c:/program files (x86)/atmel/studio/7.0/toolchain/avr8/avr8-gnu-toolchain/bin/../lib/gcc/avr/4.9.2/../../../../avr/lib/avr35\libm.a
END GROUP
START GROUP
LOAD c:/program files (x86)/atmel/studio/7.0/toolchain/avr8/avr8-gnu-toolchain/bin/../lib/gcc/avr/4.9.2/avr35\libgcc.a
LOAD c:/program files (x86)/atmel/studio/7.0/toolchain/avr8/avr8-gnu-toolchain/bin/../lib/gcc/avr/4.9.2/../../../../avr/lib/avr35\libm.a
LOAD c:/program files (x86)/atmel/studio/7.0/toolchain/avr8/avr8-gnu-toolchain/bin/../lib/gcc/avr/4.9.2/../../../../avr/lib/avr35\libc.a
LOAD C:/Program Files (x86)/Atmel/Studio/7.0/Packs/Atmel/ATtiny_DFP/1.0.71/gcc/dev/attiny1634/avr35\libattiny1634.a
END GROUP

.hash
 *(.hash)

.dynsym
 *(.dynsym)

.dynstr
 *(.dynstr)

.gnu.version
 *(.gnu.version)

.gnu.version_d
 *(.gnu.version_d)

.gnu.version_r
 *(.gnu.version_r)

.rel.init
 *(.rel.init)

.rela.init
 *(.rela.init)

.rel.text
 *(.rel.text)
 *(.rel.text.*)
 *(.rel.gnu.linkonce.t*)

.rela.text
 *(.rela.text)
 *(.rela.text.*)
 *(.rela.gnu.linkonce.t*)

.rel.fini
 *(.rel.fini)

.rela.fini
 *(.rela.fini)

.rel.rodata
 *(.rel.rodata)
 *(.rel.rodata.*)
 *(.rel.gnu.linkonce.r*)

.rela.rodata
 *(.rela.rodata)
 *(.rela.rodata.*)
 *(.rela.gnu.linkonce.r*)

.rel.data
 *(.rel.data)
 *(.rel.data.*)
 *(.rel.gnu.linkonce.d*)

.rela.data
 *(.rela.data)
 *(.rela.data.*)
 *(.rela.gnu.linkonce.d*)

.rel.ctors
 *(.rel.ctors)

.rela.ctors
 *(.rela.ctors)

.rel.dtors
 *(.rel.dtors)

.rela.dtors
 *(.rela.dtors)

.rel.got
 *(.rel.got)

.rela.got
 *(.rela.got)

.rel.bss
 *(.rel.bss)

.rela.bss
 *(.rela.bss)

.rel.plt
 *(.rel.plt)

.rela.plt
 *(.rela.plt)

.text           0x00000000      0x654
 *(.vectors)
 .vectors       0x00000000       0x70 C:/Program Files (x86)/Atmel/Studio/7.0/Packs/Atmel/ATtiny_DFP/1.0.71/gcc/dev/attiny1634/avr35/crtattiny1634.o
                0x00000000                __vector_default
                0x00000000                __vectors
 *(.vectors)
 *(.progmem.gcc*)
                0x00000070                . = ALIGN (0x2)
                0x00000070                __trampolines_start = .
 *(.trampolines)
 .trampolines   0x00000070        0x0 linker stubs
 *(.trampolines*)
                0x00000070                __trampolines_end = .
 *(.progmem*)
                0x00000070                . = ALIGN (0x2)
 *(.jumptables)
 *(.jumptables*)
 *(.lowtext)
 *(.lowtext*)
                0x00000070                __ctors_start = .
 *(.ctors)
                0x00000070                __ctors_end = .
                0x00000070                __dtors_start = .
 *(.dtors)
                0x00000070                __dtors_end = .
 SORT(*)(.ctors)
 SORT(*)(.dtors)
 *(.init0)
 .init0         0x00000070        0x0 C:/Program Files (x86)/Atmel/Studio/7.0/Packs/Atmel/ATtiny_DFP/1.0.71/gcc/dev/attiny1634/avr35/crtattiny1634.o
                0x00000070                __init
 *(.init0)
 *(.init1)
 *(.init1)
 *(.init2)
 .init2         0x00000070        0xc C:/Program Files (x86)/Atmel/Studio/7.0/Packs/Atmel/ATtiny_DFP/1.0.71/gcc/dev/attiny1634/avr35/crtattiny1634.o
 *(.init2)
 *(.init3)
 *(.init3)
 *(.init4)
 .init4         0x0000007c       0x10 c:/program files (x86)/atmel/studio/7.0/toolchain/avr8/avr8-gnu-toolchain/bin/../lib/gcc/avr/4.9.2/avr35\libgcc.a(_clear_bss.o)
                0x0000007c                __do_clear_bss
 *(.init4)
 *(.init5)
 *(.init5)
 *(.init6)
 *(.init6)
 *(.init7)
 *(.init7)
 *(.init8)
 *(.init8)
 *(.init9)
 .init9         0x0000008c        0x8 C:/Program Files (x86)/Atmel/Studio/7.0/Packs/Atmel/ATtiny_DFP/1.0.71/gcc/dev/attiny1634/avr35/crtattiny1634.o
 *(.init9)
 *(.text)
 .text          0x00000094        0x4 C:/Program Files (x86)/Atmel/Studio/7.0/Packs/Atmel/ATtiny_DFP/1.0.71/gcc/dev/attiny1634/avr35/crtattiny1634.o
                0x00000094                __vector_22
                0x00000094                __vector_1
                0x00000094                __vector_24
                0x00000094                __vector_12
                0x00000094                __bad_interrupt
                0x00000094                __vector_6
                0x00000094                __vector_3
                0x00000094                __vector_23
                0x00000094                __vector_25
                0x00000094                __vector_11
                0x00000094                __vector_13
                0x00000094                __vector_17
                0x00000094                __vector_19
                0x00000094                __vector_27
                0x00000094                __vector_5
                0x00000094                __vector_4
                0x00000094                __vector_21
                0x00000094                __vector_15
                0x00000094                __vector_8
                0x00000094                __vector_26
                0x00000094                __vector_14
                0x00000094                __vector_10
                0x00000094                __vector_16
                0x00000094                __vector_18
                0x00000094                __vector_20
                0x00000098                . = ALIGN (0x2)
 *(.text.*)
 .text.delay_one_ms
                0x00000098       0x2c fake_delay.o
                0x00000098                delay_one_ms
 .text.my_delay
                0x000000c4       0x28 fake_delay.o
                0x000000c4                my_delay
 .text.boot_program_4pages
                0x000000ec       0xc4 flash_io.o
                0x000000ec                boot_program_4pages
 .text.boot_read_4pages
                0x000001b0       0x62 flash_io.o
                0x000001b0                boot_read_4pages
 .text.keyPressed
                0x00000212       0x68 keyPad.o
                0x00000212                keyPressed
 .text.keyPressedS
                0x0000027a       0x1a keyPad.o
                0x0000027a                keyPressedS
 .text.fastFlash
                0x00000294       0x2a Remoteli_v1.o
                0x00000294                fastFlash
 .text.doRead   0x000002be       0x3a Remoteli_v1.o
                0x000002be                doRead
 .text.doSend   0x000002f8       0x3e Remoteli_v1.o
                0x000002f8                doSend
 .text.main     0x00000336       0x52 Remoteli_v1.o
                0x00000336                main
 .text.initialisePulseRead
                0x00000388       0x3e Pulse_Read.o
                0x00000388                initialisePulseRead
 .text.isPulseReadCompleted
                0x000003c6       0x12 Pulse_Read.o
                0x000003c6                isPulseReadCompleted
 .text.uninitialisePulseRead
                0x000003d8       0x3c Pulse_Read.o
                0x000003d8                uninitialisePulseRead
 .text.__vector_2
                0x00000414       0x8c Pulse_Read.o
                0x00000414                __vector_2
 .text.__vector_9
                0x000004a0       0x64 Pulse_Read.o
                0x000004a0                __vector_9
 .text.initialisePulseWrite
                0x00000504       0x34 Pulse_Write.o
                0x00000504                initialisePulseWrite
 .text.uninitialisePulseWrite
                0x00000538       0x34 Pulse_Write.o
                0x00000538                uninitialisePulseWrite
 .text.startPulseWrite
                0x0000056c       0x50 Pulse_Write.o
                0x0000056c                startPulseWrite
 .text.isPulseWriteCompleted
                0x000005bc       0x12 Pulse_Write.o
                0x000005bc                isPulseWriteCompleted
 .text.__vector_7
                0x000005ce       0x82 Pulse_Write.o
                0x000005ce                __vector_7
                0x00000650                . = ALIGN (0x2)
 *(.fini9)
 .fini9         0x00000650        0x0 c:/program files (x86)/atmel/studio/7.0/toolchain/avr8/avr8-gnu-toolchain/bin/../lib/gcc/avr/4.9.2/avr35\libgcc.a(_exit.o)
                0x00000650                _exit
                0x00000650                exit
 *(.fini9)
 *(.fini8)
 *(.fini8)
 *(.fini7)
 *(.fini7)
 *(.fini6)
 *(.fini6)
 *(.fini5)
 *(.fini5)
 *(.fini4)
 *(.fini4)
 *(.fini3)
 *(.fini3)
 *(.fini2)
 *(.fini2)
 *(.fini1)
 *(.fini1)
 *(.fini0)
 .fini0         0x00000650        0x4 c:/program files (x86)/atmel/studio/7.0/toolchain/avr8/avr8-gnu-toolchain/bin/../lib/gcc/avr/4.9.2/avr35\libgcc.a(_exit.o)
 *(.fini0)
                0x00000654                _etext = .

.data           0x00800100        0x0 load address 0x00000654
                0x00800100                PROVIDE (__data_start, .)
 *(.data)
 *(.data*)
 *(.rodata)
 *(.rodata*)
 *(.gnu.linkonce.d*)
                0x00800100                . = ALIGN (0x2)
                0x00800100                _edata = .
                0x00800100                PROVIDE (__data_end, .)

.bss            0x00800100      0x137
                0x00800100                PROVIDE (__bss_start, .)
 *(.bss)
 *(.bss*)
 .bss.complete  0x00800100        0x1 Pulse_Read.o
                0x00800100                complete
 .bss.count     0x00800101        0x2 Pulse_Read.o
                0x00800101                count
 .bss.begun     0x00800103        0x1 Pulse_Read.o
                0x00800103                begun
 .bss.completed
                0x00800104        0x1 Pulse_Write.o
                0x00800104                completed
 .bss.pulsePosition
                0x00800105        0x2 Pulse_Write.o
                0x00800105                pulsePosition
 *(COMMON)
 COMMON         0x00800107        0x2 fake_delay.o
                0x00800107                watchDog
 COMMON         0x00800109      0x12c flash_io.o
                0x00800109                pulses_in
 COMMON         0x00800235        0x2 Pulse_Write.o
                0x00800235                pulses_out
                0x00800237                PROVIDE (__bss_end, .)
                0x00000654                __data_load_start = LOADADDR (.data)
                0x00000654                __data_load_end = (__data_load_start + SIZEOF (.data))

.noinit         0x00800237        0x0
                0x00800237                PROVIDE (__noinit_start, .)
 *(.noinit*)
                0x00800237                PROVIDE (__noinit_end, .)
                0x00800237                _end = .
                0x00800237                PROVIDE (__heap_start, .)

.eeprom         0x00810000        0x0
 *(.eeprom*)
                0x00810000                __eeprom_end = .

.fuse
 *(.fuse)
 *(.lfuse)
 *(.hfuse)
 *(.efuse)

.lock
 *(.lock*)

.signature
 *(.signature*)

.user_signatures
 *(.user_signatures*)

.stab
 *(.stab)

.stabstr
 *(.stabstr)

.stab.excl
 *(.stab.excl)

.stab.exclstr
 *(.stab.exclstr)

.stab.index
 *(.stab.index)

.stab.indexstr
 *(.stab.indexstr)

.comment        0x00000000       0x30
 *(.comment)
 .comment       0x00000000       0x30 fake_delay.o
                                 0x31 (size before relaxing)
 .comment       0x00000030       0x31 flash_io.o
 .comment       0x00000030       0x31 keyPad.o
 .comment       0x00000030       0x31 Remoteli_v1.o
 .comment       0x00000030       0x31 Pulse_Read.o
 .comment       0x00000030       0x31 Pulse_Write.o

.note.gnu.avr.deviceinfo
                0x00000000       0x40
 .note.gnu.avr.deviceinfo
                0x00000000       0x40 C:/Program Files (x86)/Atmel/Studio/7.0/Packs/Atmel/ATtiny_DFP/1.0.71/gcc/dev/attiny1634/avr35/crtattiny1634.o

.note.gnu.build-id
 *(.note.gnu.build-id)

.debug
 *(.debug)

.line
 *(.line)

.debug_srcinfo
 *(.debug_srcinfo)

.debug_sfnames
 *(.debug_sfnames)

.debug_aranges  0x00000000      0x148
 *(.debug_aranges)
 .debug_aranges
                0x00000000       0x28 fake_delay.o
 .debug_aranges
                0x00000028       0x28 flash_io.o
 .debug_aranges
                0x00000050       0x28 keyPad.o
 .debug_aranges
                0x00000078       0x38 Remoteli_v1.o
 .debug_aranges
                0x000000b0       0x40 Pulse_Read.o
 .debug_aranges
                0x000000f0       0x58 Pulse_Write.o

.debug_pubnames
 *(.debug_pubnames)

.debug_info     0x00000000      0xb28
 *(.debug_info .gnu.linkonce.wi.*)
 .debug_info    0x00000000       0xff fake_delay.o
 .debug_info    0x000000ff      0x218 flash_io.o
 .debug_info    0x00000317       0xf2 keyPad.o
 .debug_info    0x00000409      0x390 Remoteli_v1.o
 .debug_info    0x00000799      0x185 Pulse_Read.o
 .debug_info    0x0000091e      0x20a Pulse_Write.o

.debug_abbrev   0x00000000      0x627
 *(.debug_abbrev)
 .debug_abbrev  0x00000000       0xc4 fake_delay.o
 .debug_abbrev  0x000000c4      0x150 flash_io.o
 .debug_abbrev  0x00000214       0xae keyPad.o
 .debug_abbrev  0x000002c2      0x194 Remoteli_v1.o
 .debug_abbrev  0x00000456       0xdd Pulse_Read.o
 .debug_abbrev  0x00000533       0xf4 Pulse_Write.o

.debug_line     0x00000000      0x641
 *(.debug_line .debug_line.* .debug_line_end)
 .debug_line    0x00000000       0xcc fake_delay.o
 .debug_line    0x000000cc      0x11e flash_io.o
 .debug_line    0x000001ea       0xe3 keyPad.o
 .debug_line    0x000002cd      0x108 Remoteli_v1.o
 .debug_line    0x000003d5      0x117 Pulse_Read.o
 .debug_line    0x000004ec      0x155 Pulse_Write.o

.debug_frame    0x00000000      0x2cc
 *(.debug_frame)
 .debug_frame   0x00000000       0x58 fake_delay.o
 .debug_frame   0x00000058       0x78 flash_io.o
 .debug_frame   0x000000d0       0x40 keyPad.o
 .debug_frame   0x00000110       0x5c Remoteli_v1.o
 .debug_frame   0x0000016c       0xac Pulse_Read.o
 .debug_frame   0x00000218       0xb4 Pulse_Write.o

.debug_str      0x00000000      0x36e
 *(.debug_str)
 .debug_str     0x00000000      0x173 fake_delay.o
                                0x1a7 (size before relaxing)
 .debug_str     0x00000173       0x83 flash_io.o
                                0x1fe (size before relaxing)
 .debug_str     0x000001f6       0x25 keyPad.o
                                0x193 (size before relaxing)
 .debug_str     0x0000021b       0xab Remoteli_v1.o
                                0x28e (size before relaxing)
 .debug_str     0x000002c6       0x3d Pulse_Read.o
                                0x206 (size before relaxing)
 .debug_str     0x00000303       0x6b Pulse_Write.o
                                0x23b (size before relaxing)

.debug_loc      0x00000000      0x5e0
 *(.debug_loc)
 .debug_loc     0x00000000       0xeb fake_delay.o
 .debug_loc     0x000000eb      0x205 flash_io.o
 .debug_loc     0x000002f0       0x73 keyPad.o
 .debug_loc     0x00000363       0xde Remoteli_v1.o
 .debug_loc     0x00000441      0x107 Pulse_Read.o
 .debug_loc     0x00000548       0x98 Pulse_Write.o

.debug_macinfo
 *(.debug_macinfo)

.debug_weaknames
 *(.debug_weaknames)

.debug_funcnames
 *(.debug_funcnames)

.debug_typenames
 *(.debug_typenames)

.debug_varnames
 *(.debug_varnames)

.debug_pubtypes
 *(.debug_pubtypes)

.debug_ranges   0x00000000      0x100
 *(.debug_ranges)
 .debug_ranges  0x00000000       0x18 fake_delay.o
 .debug_ranges  0x00000018       0x30 flash_io.o
 .debug_ranges  0x00000048       0x18 keyPad.o
 .debug_ranges  0x00000060       0x28 Remoteli_v1.o
 .debug_ranges  0x00000088       0x30 Pulse_Read.o
 .debug_ranges  0x000000b8       0x48 Pulse_Write.o

.debug_macro
 *(.debug_macro)
OUTPUT(Remoteli_v1.elf elf32-avr)
LOAD linker stubs
